// Jest Snapshot v1, https://goo.gl/fbAQLP

exports[`Board that it matches an existing snapshot for adding 1`] = `
<div>
  <section
    className="form-section"
  >
    <NewCardForm
      addCardCallback={[Function]}
    />
  </section>
  <section
    className="board"
  />
</div>
`;

exports[`Board that it matches an existing snapshot for deleting 1`] = `
<div>
  <section
    className="form-section"
  >
    <NewCardForm
      addCardCallback={[Function]}
    />
  </section>
  <section
    className="board"
  />
</div>
`;
